# TLS secrets log file, generated by OpenSSL / Python
SERVER_HANDSHAKE_TRAFFIC_SECRET e2c10cf80289cb5cf1af830f0819566b466197e7fb2b21b78511fcf048d1f982 f9e0b31861c8bcdf414eb7e8139231f9a8afa3559df9d35a13f0ebbeb13021799f3def969dbf9ea7126372277c9f584c
EXPORTER_SECRET e2c10cf80289cb5cf1af830f0819566b466197e7fb2b21b78511fcf048d1f982 e80faefa465f337db1beae02d8c8565b3ea56d9fba9c7366641a87e31a4413f3bd0fc045bd8e19beaa273c146b619b4a
SERVER_TRAFFIC_SECRET_0 e2c10cf80289cb5cf1af830f0819566b466197e7fb2b21b78511fcf048d1f982 53f3befb88580b7d479f5c1ee99a7e453d4fddabb9b453916c9d48d33f73292591bb6c28aaba5cf015cfe3eabf1c41a2
CLIENT_HANDSHAKE_TRAFFIC_SECRET e2c10cf80289cb5cf1af830f0819566b466197e7fb2b21b78511fcf048d1f982 3536cb317700119b673d43d6be0595a74018309d9073e33a37cecd3275d6f1520934f892f5f021a06e9801e86f59f702
CLIENT_TRAFFIC_SECRET_0 e2c10cf80289cb5cf1af830f0819566b466197e7fb2b21b78511fcf048d1f982 b07e173ca19957ec44e36ad8b2107edd6f66cb08b524abaad727740a0eb07c7b464f48fa669cfba5936d9179583c7325
# TLS secrets log file, generated by OpenSSL / Python
SERVER_HANDSHAKE_TRAFFIC_SECRET 1ee9b2c804bbfa86f67fe29cccb8d7ee320070890fcd409e08a6ae88bb52abbb e17d4a228172356453cf13a5c175706400afcd5dd18791bf00b763675d71e10a50abdd2a5c1e7510ef176132e9901d72
EXPORTER_SECRET 1ee9b2c804bbfa86f67fe29cccb8d7ee320070890fcd409e08a6ae88bb52abbb aa29cb8d640da4d43331208865c537401103d0764345f812d980fef01eb5ffc3478565a1ff645f174162a80579745782
SERVER_TRAFFIC_SECRET_0 1ee9b2c804bbfa86f67fe29cccb8d7ee320070890fcd409e08a6ae88bb52abbb 30fa4cf5e1be6d3e90a305614cd6f695ca5208de37f64821ce5fde427b447be6ae6ae0a6dbba9f5c639b74848fe3e037
CLIENT_HANDSHAKE_TRAFFIC_SECRET 1ee9b2c804bbfa86f67fe29cccb8d7ee320070890fcd409e08a6ae88bb52abbb cb09a490d710cf6a088c516ee8a1f96aa480a801243ee53f1140e0ca13f02651d1e784f6865a87f5930d77a4d5a6c224
CLIENT_TRAFFIC_SECRET_0 1ee9b2c804bbfa86f67fe29cccb8d7ee320070890fcd409e08a6ae88bb52abbb 2fd4915031f6b130eb6fbaba4e66b1c5f819d2d3174188dd87590c940c5350354ca9d1923090ec6fc2f0785a29342ce1
# TLS secrets log file, generated by OpenSSL / Python
SERVER_HANDSHAKE_TRAFFIC_SECRET 0c670469dbb2703a19927acb2bdbfefff607a0a17df8cffe89bc745f5e9ee1c9 f3a4590a91a57e1a6ca66b5bf64eec811e640eb047d555e511f80160c2a9abc5c4236a2cfcfefbf498bd8c65ba0f2b08
EXPORTER_SECRET 0c670469dbb2703a19927acb2bdbfefff607a0a17df8cffe89bc745f5e9ee1c9 b5c09708fe704c89c8348f53d9b36bd9c056e4db17e396da0f92698540e72d6f8dd1ef65dd81927cb6c8b635e5d32875
SERVER_TRAFFIC_SECRET_0 0c670469dbb2703a19927acb2bdbfefff607a0a17df8cffe89bc745f5e9ee1c9 6d776c1f0d127a9e1db709a91bb510ee039c1c10a3e3a78c85ad69b7acf008e95d1aaddf69aeaac35b34fa531a513a5b
CLIENT_HANDSHAKE_TRAFFIC_SECRET 0c670469dbb2703a19927acb2bdbfefff607a0a17df8cffe89bc745f5e9ee1c9 b064b0d6d9458ee887375519bcafab03d53912e0529ba7334fb521c2094c8d7bdd0f6d87ac2aa5d5899631bcfd0f6947
CLIENT_TRAFFIC_SECRET_0 0c670469dbb2703a19927acb2bdbfefff607a0a17df8cffe89bc745f5e9ee1c9 69186b5965d326f78c0d3976a8cfd7f3daddb7f4a5a6ba9b8b2e2ff6a0b35716463b9604842fc9dc1f3f7938762529ba
# TLS secrets log file, generated by OpenSSL / Python
SERVER_HANDSHAKE_TRAFFIC_SECRET 66cd0614de139096e26fa0739164de9e16e2a5d248be6c6d17a1520e67eaf931 52c56f6446fb983b6ce3fedf67f3284652d1841f2cfc50f8b507f0b27e2c4e0bb663a05a9937ef04f046587bc1131fa4
EXPORTER_SECRET 66cd0614de139096e26fa0739164de9e16e2a5d248be6c6d17a1520e67eaf931 277ccb3a7450633e88cf06603771f2ec25ff0cf37f1885fcbee81a4c66fb4d754fd0741743cc53173677d42ba6252e9d
SERVER_TRAFFIC_SECRET_0 66cd0614de139096e26fa0739164de9e16e2a5d248be6c6d17a1520e67eaf931 c146b5d6b3ff0e963ea28f8d5bd5e90aa8ba565f6bccd48f64b0d591f38415e2fde0ae6d8e17b144acdcb27583c80d5f
CLIENT_HANDSHAKE_TRAFFIC_SECRET 66cd0614de139096e26fa0739164de9e16e2a5d248be6c6d17a1520e67eaf931 1e8de8ff52de0da4f392f6bd7b82be3e8f387642ff3bda5cd43a68ea3603fc85e4405069b4634e5771238c4e9c5c1adc
CLIENT_TRAFFIC_SECRET_0 66cd0614de139096e26fa0739164de9e16e2a5d248be6c6d17a1520e67eaf931 6525103315506f5aa42e61d286d554852643a33b8b5687d0d0f8cdf4541bbf6b90dbcee3f7da1374677140425c28e2dd
# TLS secrets log file, generated by OpenSSL / Python
SERVER_HANDSHAKE_TRAFFIC_SECRET 6cac7482a615cff207b9a0eb02f3883da2297ba40a0fb5fbc5283bcb64dba0cb a0029813022273e37927b44b10fadc1ad6a8f74a1d19fa22c3ace133e6f26b5faaac43955a4226f3387282d635689180
EXPORTER_SECRET 6cac7482a615cff207b9a0eb02f3883da2297ba40a0fb5fbc5283bcb64dba0cb 2a0753858c444d73948bbb637f22ae0ea5eef5b764fce77fd43b8ce668daa2952b995caaed2b3a0a9480c5c313cbb4ae
SERVER_TRAFFIC_SECRET_0 6cac7482a615cff207b9a0eb02f3883da2297ba40a0fb5fbc5283bcb64dba0cb 51c465aa78bb90b5b0d17083ad97c2cf6e357a58fbabf9d040fcba7da67ffc9feef09ee7aee06b701a6fe4dd0f0b7b2c
CLIENT_HANDSHAKE_TRAFFIC_SECRET 6cac7482a615cff207b9a0eb02f3883da2297ba40a0fb5fbc5283bcb64dba0cb d03d2b7e013798d40a9e1fbbbbba5ddf3d18f19701ed08d2607503089fa392db72affe112f89ae9c693b9a1d0054bd62
CLIENT_TRAFFIC_SECRET_0 6cac7482a615cff207b9a0eb02f3883da2297ba40a0fb5fbc5283bcb64dba0cb 9867670362931b52cd2228da7485ad09a6dd6834d07b41d3900b28503ca608e66ca5bed8fdf3e4a26c563cb355b463cd
# TLS secrets log file, generated by OpenSSL / Python
SERVER_HANDSHAKE_TRAFFIC_SECRET 7619b13f8540ceae5e1fcf7eba75a96bae54315b444dedfb7c860793c7768a45 e9290d41c7a900ec00f960350811f7ad1ee055c064c35e941ecb18184eeb2fbe8986b74dfded6b24df2e52814eb046dc
EXPORTER_SECRET 7619b13f8540ceae5e1fcf7eba75a96bae54315b444dedfb7c860793c7768a45 d336d0c65529b70f0233ae1dd6d1c2f4ca88039e5d0a11aca7e07d3683d384787465493f064d7cc90bdaabc90c521f6f
SERVER_TRAFFIC_SECRET_0 7619b13f8540ceae5e1fcf7eba75a96bae54315b444dedfb7c860793c7768a45 f5cb1a14f697dc27829ecf003855def09d991bf5f59355b9423e1b6726e9e2d93c66f9c77178b3ee44f01f2a37b331a4
CLIENT_HANDSHAKE_TRAFFIC_SECRET 7619b13f8540ceae5e1fcf7eba75a96bae54315b444dedfb7c860793c7768a45 96f72d3381abcae2eacdad6bf861ae7026b479bfd228c55a04ecdf792db267932bb9f85804f400c9ce9df31f97f49be8
CLIENT_TRAFFIC_SECRET_0 7619b13f8540ceae5e1fcf7eba75a96bae54315b444dedfb7c860793c7768a45 69fb149a20d836bdf72c57704dcae27f9906f82e9228fde0848fa9ae868441c39351bfc4c14ca1085f20cc41a123d957
